../Core/Src/main.c:80:5:main	8	static
../Core/Src/main.c:145:6:SystemClock_Config	88	static
../Core/Src/main.c:192:13:MX_TIM1_Init	96	static
../Core/Src/main.c:267:13:MX_TIM2_Init	48	static
../Core/Src/main.c:325:13:MX_USART2_UART_Init	8	static
../Core/Src/main.c:356:13:MX_DMA_Init	16	static
../Core/Src/main.c:374:13:MX_GPIO_Init	48	static
../Core/Src/main.c:403:7:IC_Calc_Period	32	static
../Core/Src/main.c:418:7:PI_Control	24	static
../Core/Src/main.c:439:6:Error_Handler	4	static,ignoring_inline_asm
